Archive member included because of file (symbol)

c:/winavr-20090313/bin/../lib/gcc/avr/4.3.2/avr5\libgcc.a(_exit.o)
                              c:/winavr-20090313/bin/../lib/gcc/avr/4.3.2/../../../../avr/lib/avr5/crtm16.o (exit)
c:/winavr-20090313/bin/../lib/gcc/avr/4.3.2/avr5\libgcc.a(_copy_data.o)
                              simple.o (__do_copy_data)
c:/winavr-20090313/bin/../lib/gcc/avr/4.3.2/avr5\libgcc.a(_clear_bss.o)
                              disp.o (__do_clear_bss)

Memory Configuration

Name             Origin             Length             Attributes
text             0x00000000         0x00020000         xr
data             0x00800060         0x0000ffa0         rw !x
eeprom           0x00810000         0x00010000         rw !x
fuse             0x00820000         0x00000400         rw !x
lock             0x00830000         0x00000400         rw !x
signature        0x00840000         0x00000400         rw !x
*default*        0x00000000         0xffffffff

Linker script and memory map

LOAD c:/winavr-20090313/bin/../lib/gcc/avr/4.3.2/../../../../avr/lib/avr5/crtm16.o
LOAD simple.o
LOAD disp.o
LOAD lcd.o
LOAD c:/winavr-20090313/bin/../lib/gcc/avr/4.3.2/../../../../avr/lib/avr5\libm.a
LOAD c:/winavr-20090313/bin/../lib/gcc/avr/4.3.2/avr5\libgcc.a
LOAD c:/winavr-20090313/bin/../lib/gcc/avr/4.3.2/../../../../avr/lib/avr5\libc.a
LOAD c:/winavr-20090313/bin/../lib/gcc/avr/4.3.2/avr5\libgcc.a

.hash
 *(.hash)

.dynsym
 *(.dynsym)

.dynstr
 *(.dynstr)

.gnu.version
 *(.gnu.version)

.gnu.version_d
 *(.gnu.version_d)

.gnu.version_r
 *(.gnu.version_r)

.rel.init
 *(.rel.init)

.rela.init
 *(.rela.init)

.rel.text
 *(.rel.text)
 *(.rel.text.*)
 *(.rel.gnu.linkonce.t*)

.rela.text
 *(.rela.text)
 *(.rela.text.*)
 *(.rela.gnu.linkonce.t*)

.rel.fini
 *(.rel.fini)

.rela.fini
 *(.rela.fini)

.rel.rodata
 *(.rel.rodata)
 *(.rel.rodata.*)
 *(.rel.gnu.linkonce.r*)

.rela.rodata
 *(.rela.rodata)
 *(.rela.rodata.*)
 *(.rela.gnu.linkonce.r*)

.rel.data
 *(.rel.data)
 *(.rel.data.*)
 *(.rel.gnu.linkonce.d*)

.rela.data
 *(.rela.data)
 *(.rela.data.*)
 *(.rela.gnu.linkonce.d*)

.rel.ctors
 *(.rel.ctors)

.rela.ctors
 *(.rela.ctors)

.rel.dtors
 *(.rel.dtors)

.rela.dtors
 *(.rela.dtors)

.rel.got
 *(.rel.got)

.rela.got
 *(.rela.got)

.rel.bss
 *(.rel.bss)

.rela.bss
 *(.rela.bss)

.rel.plt
 *(.rel.plt)

.rela.plt
 *(.rela.plt)

.text           0x00000000      0x564
 *(.vectors)
 .vectors       0x00000000       0x54 c:/winavr-20090313/bin/../lib/gcc/avr/4.3.2/../../../../avr/lib/avr5/crtm16.o
                0x00000000                __vectors
                0x00000000                __vector_default
 *(.vectors)
 *(.progmem.gcc*)
 *(.progmem*)
                0x00000054                . = ALIGN (0x2)
                0x00000054                __trampolines_start = .
 *(.trampolines)
 .trampolines   0x00000054        0x0 linker stubs
 *(.trampolines*)
                0x00000054                __trampolines_end = .
 *(.jumptables)
 *(.jumptables*)
 *(.lowtext)
 *(.lowtext*)
                0x00000054                __ctors_start = .
 *(.ctors)
                0x00000054                __ctors_end = .
                0x00000054                __dtors_start = .
 *(.dtors)
                0x00000054                __dtors_end = .
 SORT(*)(.ctors)
 SORT(*)(.dtors)
 *(.init0)
 .init0         0x00000054        0x0 c:/winavr-20090313/bin/../lib/gcc/avr/4.3.2/../../../../avr/lib/avr5/crtm16.o
                0x00000054                __init
 *(.init0)
 *(.init1)
 *(.init1)
 *(.init2)
 .init2         0x00000054        0xc c:/winavr-20090313/bin/../lib/gcc/avr/4.3.2/../../../../avr/lib/avr5/crtm16.o
 *(.init2)
 *(.init3)
 *(.init3)
 *(.init4)
 .init4         0x00000060       0x16 c:/winavr-20090313/bin/../lib/gcc/avr/4.3.2/avr5\libgcc.a(_copy_data.o)
                0x00000060                __do_copy_data
 .init4         0x00000076       0x10 c:/winavr-20090313/bin/../lib/gcc/avr/4.3.2/avr5\libgcc.a(_clear_bss.o)
                0x00000076                __do_clear_bss
 *(.init4)
 *(.init5)
 *(.init5)
 *(.init6)
 *(.init6)
 *(.init7)
 *(.init7)
 *(.init8)
 *(.init8)
 *(.init9)
 .init9         0x00000086        0x8 c:/winavr-20090313/bin/../lib/gcc/avr/4.3.2/../../../../avr/lib/avr5/crtm16.o
 *(.init9)
 *(.text)
 .text          0x0000008e        0x4 c:/winavr-20090313/bin/../lib/gcc/avr/4.3.2/../../../../avr/lib/avr5/crtm16.o
                0x0000008e                __vector_1
                0x0000008e                __vector_12
                0x0000008e                __bad_interrupt
                0x0000008e                __vector_6
                0x0000008e                __vector_3
                0x0000008e                __vector_11
                0x0000008e                __vector_13
                0x0000008e                __vector_17
                0x0000008e                __vector_19
                0x0000008e                __vector_7
                0x0000008e                __vector_5
                0x0000008e                __vector_4
                0x0000008e                __vector_9
                0x0000008e                __vector_2
                0x0000008e                __vector_15
                0x0000008e                __vector_8
                0x0000008e                __vector_14
                0x0000008e                __vector_10
                0x0000008e                __vector_16
                0x0000008e                __vector_18
                0x0000008e                __vector_20
 .text          0x00000092       0x8c simple.o
                0x00000092                main
 .text          0x0000011e      0x324 disp.o
                0x00000146                fill_screen
                0x0000011e                lcd_wrdat16
                0x00000132                lcd_wrcmd16
                0x000001a4                put_char
 .text          0x00000442      0x11e lcd.o
                0x00000506                lcd_wrcmd
                0x000004d0                lcd_clrscr
                0x00000454                port_init_io
                0x00000486                lcd_init
                0x0000050c                lcd_wrdata
 .text          0x00000560        0x0 c:/winavr-20090313/bin/../lib/gcc/avr/4.3.2/avr5\libgcc.a(_exit.o)
 .text          0x00000560        0x0 c:/winavr-20090313/bin/../lib/gcc/avr/4.3.2/avr5\libgcc.a(_copy_data.o)
 .text          0x00000560        0x0 c:/winavr-20090313/bin/../lib/gcc/avr/4.3.2/avr5\libgcc.a(_clear_bss.o)
                0x00000560                . = ALIGN (0x2)
 *(.text.*)
 .text.libgcc   0x00000560        0x0 c:/winavr-20090313/bin/../lib/gcc/avr/4.3.2/avr5\libgcc.a(_exit.o)
 .text.libgcc   0x00000560        0x0 c:/winavr-20090313/bin/../lib/gcc/avr/4.3.2/avr5\libgcc.a(_copy_data.o)
 .text.libgcc   0x00000560        0x0 c:/winavr-20090313/bin/../lib/gcc/avr/4.3.2/avr5\libgcc.a(_clear_bss.o)
                0x00000560                . = ALIGN (0x2)
 *(.fini9)
 .fini9         0x00000560        0x0 c:/winavr-20090313/bin/../lib/gcc/avr/4.3.2/avr5\libgcc.a(_exit.o)
                0x00000560                exit
                0x00000560                _exit
 *(.fini9)
 *(.fini8)
 *(.fini8)
 *(.fini7)
 *(.fini7)
 *(.fini6)
 *(.fini6)
 *(.fini5)
 *(.fini5)
 *(.fini4)
 *(.fini4)
 *(.fini3)
 *(.fini3)
 *(.fini2)
 *(.fini2)
 *(.fini1)
 *(.fini1)
 *(.fini0)
 .fini0         0x00000560        0x4 c:/winavr-20090313/bin/../lib/gcc/avr/4.3.2/avr5\libgcc.a(_exit.o)
 *(.fini0)
                0x00000564                _etext = .

.data           0x00800060      0x54e load address 0x00000564
                0x00800060                PROVIDE (__data_start, .)
 *(.data)
 .data          0x00800060        0x0 c:/winavr-20090313/bin/../lib/gcc/avr/4.3.2/../../../../avr/lib/avr5/crtm16.o
 .data          0x00800060        0xc simple.o
 .data          0x0080006c      0x542 disp.o
                0x0080006c                ascii_tab
                0x008005ac                backcolor
 .data          0x008005ae        0x0 lcd.o
 .data          0x008005ae        0x0 c:/winavr-20090313/bin/../lib/gcc/avr/4.3.2/avr5\libgcc.a(_exit.o)
 .data          0x008005ae        0x0 c:/winavr-20090313/bin/../lib/gcc/avr/4.3.2/avr5\libgcc.a(_copy_data.o)
 .data          0x008005ae        0x0 c:/winavr-20090313/bin/../lib/gcc/avr/4.3.2/avr5\libgcc.a(_clear_bss.o)
 *(.data*)
 *(.rodata)
 *(.rodata*)
 *(.gnu.linkonce.d*)
                0x008005ae                . = ALIGN (0x2)
                0x008005ae                _edata = .
                0x008005ae                PROVIDE (__data_end, .)

.bss            0x008005ae        0x2
                0x008005ae                PROVIDE (__bss_start, .)
 *(.bss)
 .bss           0x008005ae        0x0 c:/winavr-20090313/bin/../lib/gcc/avr/4.3.2/../../../../avr/lib/avr5/crtm16.o
 .bss           0x008005ae        0x0 simple.o
 .bss           0x008005ae        0x2 disp.o
                0x008005ae                textcolor
 .bss           0x008005b0        0x0 lcd.o
 .bss           0x008005b0        0x0 c:/winavr-20090313/bin/../lib/gcc/avr/4.3.2/avr5\libgcc.a(_exit.o)
 .bss           0x008005b0        0x0 c:/winavr-20090313/bin/../lib/gcc/avr/4.3.2/avr5\libgcc.a(_copy_data.o)
 .bss           0x008005b0        0x0 c:/winavr-20090313/bin/../lib/gcc/avr/4.3.2/avr5\libgcc.a(_clear_bss.o)
 *(.bss*)
 *(COMMON)
                0x008005b0                PROVIDE (__bss_end, .)
                0x00000564                __data_load_start = LOADADDR (.data)
                0x00000ab2                __data_load_end = (__data_load_start + SIZEOF (.data))

.noinit         0x008005b0        0x0
                0x008005b0                PROVIDE (__noinit_start, .)
 *(.noinit*)
                0x008005b0                PROVIDE (__noinit_end, .)
                0x008005b0                _end = .
                0x008005b0                PROVIDE (__heap_start, .)

.eeprom         0x00810000        0x0
 *(.eeprom*)
                0x00810000                __eeprom_end = .

.fuse
 *(.fuse)
 *(.lfuse)
 *(.hfuse)
 *(.efuse)

.lock
 *(.lock*)

.signature
 *(.signature*)

.stab           0x00000000      0x540
 *(.stab)
 .stab          0x00000000      0x540 lcd.o

.stabstr        0x00000000       0x24
 *(.stabstr)
 .stabstr       0x00000000       0x24 lcd.o

.stab.excl
 *(.stab.excl)

.stab.exclstr
 *(.stab.exclstr)

.stab.index
 *(.stab.index)

.stab.indexstr
 *(.stab.indexstr)

.comment
 *(.comment)

.debug
 *(.debug)

.line
 *(.line)

.debug_srcinfo
 *(.debug_srcinfo)

.debug_sfnames
 *(.debug_sfnames)

.debug_aranges  0x00000000       0x40
 *(.debug_aranges)
 .debug_aranges
                0x00000000       0x20 simple.o
 .debug_aranges
                0x00000020       0x20 disp.o

.debug_pubnames
                0x00000000       0x94
 *(.debug_pubnames)
 .debug_pubnames
                0x00000000       0x1b simple.o
 .debug_pubnames
                0x0000001b       0x79 disp.o

.debug_info     0x00000000      0x475
 *(.debug_info)
 .debug_info    0x00000000       0xde simple.o
 .debug_info    0x000000de      0x397 disp.o
 *(.gnu.linkonce.wi.*)

.debug_abbrev   0x00000000      0x1ba
 *(.debug_abbrev)
 .debug_abbrev  0x00000000       0x8b simple.o
 .debug_abbrev  0x0000008b      0x12f disp.o

.debug_line     0x00000000      0x575
 *(.debug_line)
 .debug_line    0x00000000       0xe0 simple.o
 .debug_line    0x000000e0      0x495 disp.o

.debug_frame    0x00000000       0x70
 *(.debug_frame)
 .debug_frame   0x00000000       0x20 simple.o
 .debug_frame   0x00000020       0x50 disp.o

.debug_str      0x00000000       0xd7
 *(.debug_str)
 .debug_str     0x00000000       0x94 simple.o
                                 0xcd (size before relaxing)
 .debug_str     0x00000094       0x43 disp.o
                                0x108 (size before relaxing)

.debug_loc      0x00000000      0x142
 *(.debug_loc)
 .debug_loc     0x00000000      0x142 disp.o

.debug_macinfo
 *(.debug_macinfo)
OUTPUT(simple.elf elf32-avr)
LOAD linker stubs

.debug_ranges   0x00000000       0xa8
 .debug_ranges  0x00000000       0xa8 disp.o

Cross Reference Table

Symbol                                            File
__bad_interrupt                                   c:/winavr-20090313/bin/../lib/gcc/avr/4.3.2/../../../../avr/lib/avr5/crtm16.o
__bss_end                                         c:/winavr-20090313/bin/../lib/gcc/avr/4.3.2/avr5\libgcc.a(_clear_bss.o)
__bss_start                                       c:/winavr-20090313/bin/../lib/gcc/avr/4.3.2/avr5\libgcc.a(_clear_bss.o)
__data_end                                        c:/winavr-20090313/bin/../lib/gcc/avr/4.3.2/avr5\libgcc.a(_copy_data.o)
__data_load_start                                 c:/winavr-20090313/bin/../lib/gcc/avr/4.3.2/avr5\libgcc.a(_copy_data.o)
__data_start                                      c:/winavr-20090313/bin/../lib/gcc/avr/4.3.2/avr5\libgcc.a(_copy_data.o)
__do_clear_bss                                    c:/winavr-20090313/bin/../lib/gcc/avr/4.3.2/avr5\libgcc.a(_clear_bss.o)
                                                  disp.o
__do_copy_data                                    c:/winavr-20090313/bin/../lib/gcc/avr/4.3.2/avr5\libgcc.a(_copy_data.o)
                                                  disp.o
                                                  simple.o
__heap_end                                        c:/winavr-20090313/bin/../lib/gcc/avr/4.3.2/../../../../avr/lib/avr5/crtm16.o
__init                                            c:/winavr-20090313/bin/../lib/gcc/avr/4.3.2/../../../../avr/lib/avr5/crtm16.o
__stack                                           c:/winavr-20090313/bin/../lib/gcc/avr/4.3.2/../../../../avr/lib/avr5/crtm16.o
__vector_1                                        c:/winavr-20090313/bin/../lib/gcc/avr/4.3.2/../../../../avr/lib/avr5/crtm16.o
__vector_10                                       c:/winavr-20090313/bin/../lib/gcc/avr/4.3.2/../../../../avr/lib/avr5/crtm16.o
__vector_11                                       c:/winavr-20090313/bin/../lib/gcc/avr/4.3.2/../../../../avr/lib/avr5/crtm16.o
__vector_12                                       c:/winavr-20090313/bin/../lib/gcc/avr/4.3.2/../../../../avr/lib/avr5/crtm16.o
__vector_13                                       c:/winavr-20090313/bin/../lib/gcc/avr/4.3.2/../../../../avr/lib/avr5/crtm16.o
__vector_14                                       c:/winavr-20090313/bin/../lib/gcc/avr/4.3.2/../../../../avr/lib/avr5/crtm16.o
__vector_15                                       c:/winavr-20090313/bin/../lib/gcc/avr/4.3.2/../../../../avr/lib/avr5/crtm16.o
__vector_16                                       c:/winavr-20090313/bin/../lib/gcc/avr/4.3.2/../../../../avr/lib/avr5/crtm16.o
__vector_17                                       c:/winavr-20090313/bin/../lib/gcc/avr/4.3.2/../../../../avr/lib/avr5/crtm16.o
__vector_18                                       c:/winavr-20090313/bin/../lib/gcc/avr/4.3.2/../../../../avr/lib/avr5/crtm16.o
__vector_19                                       c:/winavr-20090313/bin/../lib/gcc/avr/4.3.2/../../../../avr/lib/avr5/crtm16.o
__vector_2                                        c:/winavr-20090313/bin/../lib/gcc/avr/4.3.2/../../../../avr/lib/avr5/crtm16.o
__vector_20                                       c:/winavr-20090313/bin/../lib/gcc/avr/4.3.2/../../../../avr/lib/avr5/crtm16.o
__vector_3                                        c:/winavr-20090313/bin/../lib/gcc/avr/4.3.2/../../../../avr/lib/avr5/crtm16.o
__vector_4                                        c:/winavr-20090313/bin/../lib/gcc/avr/4.3.2/../../../../avr/lib/avr5/crtm16.o
__vector_5                                        c:/winavr-20090313/bin/../lib/gcc/avr/4.3.2/../../../../avr/lib/avr5/crtm16.o
__vector_6                                        c:/winavr-20090313/bin/../lib/gcc/avr/4.3.2/../../../../avr/lib/avr5/crtm16.o
__vector_7                                        c:/winavr-20090313/bin/../lib/gcc/avr/4.3.2/../../../../avr/lib/avr5/crtm16.o
__vector_8                                        c:/winavr-20090313/bin/../lib/gcc/avr/4.3.2/../../../../avr/lib/avr5/crtm16.o
__vector_9                                        c:/winavr-20090313/bin/../lib/gcc/avr/4.3.2/../../../../avr/lib/avr5/crtm16.o
__vector_default                                  c:/winavr-20090313/bin/../lib/gcc/avr/4.3.2/../../../../avr/lib/avr5/crtm16.o
__vectors                                         c:/winavr-20090313/bin/../lib/gcc/avr/4.3.2/../../../../avr/lib/avr5/crtm16.o
_exit                                             c:/winavr-20090313/bin/../lib/gcc/avr/4.3.2/avr5\libgcc.a(_exit.o)
ascii_tab                                         disp.o
backcolor                                         disp.o
                                                  simple.o
exit                                              c:/winavr-20090313/bin/../lib/gcc/avr/4.3.2/avr5\libgcc.a(_exit.o)
                                                  c:/winavr-20090313/bin/../lib/gcc/avr/4.3.2/../../../../avr/lib/avr5/crtm16.o
fill_screen                                       disp.o
                                                  simple.o
glcdWait                                          lcd.o
lcd_clrscr                                        lcd.o
lcd_init                                          lcd.o
                                                  simple.o
lcd_wrcmd                                         lcd.o
                                                  disp.o
lcd_wrcmd16                                       disp.o
lcd_wrdat16                                       disp.o
lcd_wrdata                                        lcd.o
                                                  disp.o
main                                              simple.o
                                                  c:/winavr-20090313/bin/../lib/gcc/avr/4.3.2/../../../../avr/lib/avr5/crtm16.o
port_init_io                                      lcd.o
put_char                                          disp.o
                                                  simple.o
textcolor                                         disp.o
                                                  simple.o
